[www3.nd.edu/_jquigle2/GSTS.html]
[backblue.gif]
[fade.gif]
[index.html]
[www3.nd.edu/_jquigle2/GSTS SP19/GSTS SP19.html]
[www3.nd.edu/_jquigle2/GSTS FA18/GSTS FA18.html]
[www3.nd.edu/_jquigle2/GSTS SP18/GSTS SP18.html]
[www3.nd.edu/_jquigle2/GSTS FA17/GSTS FA17.html]
[www3.nd.edu/_jquigle2/GSTS SP17/GSTS SP17.html]
[www3.nd.edu/_jquigle2/GSTS FA16/GSTS FA16.html]
[www3.nd.edu/_jquigle2/GSTS.html]
[www3.nd.edu/_jquigle2/GSTS SP19/FCseminar.pdf]
[www3.nd.edu/_jquigle2/GSTS SP19/Week1.pdf]
[www3.nd.edu/_jquigle2/GSTS SP19/Week1P.pdf]
[www3.nd.edu/_jquigle2/GSTS SP19/Week2.pdf]
[www3.nd.edu/_jquigle2/GSTS SP19/Week3.pdf]
[www3.nd.edu/_jquigle2/GSTS SP19/Week3P.pdf]
[www3.nd.edu/_jquigle2/GSTS SP19/Week4.pdf]
[www3.nd.edu/_jquigle2/GSTS SP19/Week4P.pdf]
[www3.nd.edu/_jquigle2/GSTS SP19/Week7.pdf]
[www3.nd.edu/_jquigle2/GSTS SP19/Week7P.pdf]
[www3.nd.edu/_jquigle2/GSTS SP19/Week8.pdf]
[www3.nd.edu/_jquigle2/GSTS SP19/Week8P.pdf]
[www3.nd.edu/_jquigle2/GSTS SP19/Week9.pdf]
[www3.nd.edu/_jquigle2/GSTS SP19/Week9P.pdf]
[www3.nd.edu/_jquigle2/GSTS SP19/Week10.pdf]
[www3.nd.edu/_jquigle2/GSTS SP19/Week10P.pdf]
[www3.nd.edu/_jquigle2/GSTS SP19/Week11P.pdf]
[www3.nd.edu/_jquigle2/GSTS SP19/Week12.pdf]
[www3.nd.edu/_jquigle2/GSTS SP19/Week13.pdf]
[www3.nd.edu/_jquigle2/GSTS SP19/Week13P.pdf]
[www3.nd.edu/_jquigle2/GSTS SP19/Week14P.pdf]
[www3.nd.edu/_jquigle2/GSTS SP19/GSTS SP19.html]
[www3.nd.edu/_jquigle2/GSTS FA18/GGTseminar.pdf]
[www3.nd.edu/_jquigle2/GSTS FA18/Week1.pdf]
[www3.nd.edu/_jquigle2/GSTS FA18/Week1P.pdf]
[www3.nd.edu/_jquigle2/GSTS FA18/Week2.pdf]
[www3.nd.edu/_jquigle2/GSTS FA18/Week2P.pdf]
[www3.nd.edu/_jquigle2/GSTS FA18/Week3.pdf]
[www3.nd.edu/_jquigle2/GSTS FA18/Week3P.pdf]
[www3.nd.edu/_jquigle2/GSTS FA18/Week4.pdf]
[www3.nd.edu/_jquigle2/GSTS FA18/Week4P.pdf]
[www3.nd.edu/_jquigle2/GSTS FA18/Week5.pdf]
[www3.nd.edu/_jquigle2/GSTS FA18/Week5P.pdf]
[www3.nd.edu/_jquigle2/GSTS FA18/Week6P.pdf]
[www3.nd.edu/_jquigle2/GSTS FA18/Week7P.pdf]
[www3.nd.edu/_jquigle2/GSTS FA18/Week8.pdf]
[www3.nd.edu/_jquigle2/GSTS FA18/Week8P.pdf]
[www3.nd.edu/_jquigle2/GSTS FA18/Week9.pdf]
[www3.nd.edu/_jquigle2/GSTS FA18/Week9P.pdf]
[www3.nd.edu/_jquigle2/GSTS FA18/Week10.pdf]
[www3.nd.edu/_jquigle2/GSTS FA18/Week10P.pdf]
[www3.nd.edu/_jquigle2/GSTS FA18/Week11.pdf]
[www3.nd.edu/_jquigle2/GSTS FA18/Week11P.pdf]
[www3.nd.edu/_jquigle2/GSTS FA18/Week12.pdf]
[www3.nd.edu/_jquigle2/GSTS FA18/Week12P.pdf]
[www3.nd.edu/_jquigle2/GSTS FA18/Week13.pdf]
[www3.nd.edu/_jquigle2/GSTS FA18/GSTS FA18.html]
[www3.nd.edu/_jquigle2/GSTS SP18/TQFTseminar.pdf]
[www3.nd.edu/_jquigle2/GSTS SP18/Week1.pdf]
[www3.nd.edu/_jquigle2/GSTS SP18/Week2.pdf]
[www3.nd.edu/_jquigle2/GSTS SP18/Week3.pdf]
[www3.nd.edu/_jquigle2/GSTS SP18/Week4.pdf]
[www3.nd.edu/_jquigle2/GSTS SP18/Week5.pdf]
[www3.nd.edu/_jquigle2/GSTS SP18/Week5P.pdf]
[www3.nd.edu/_jquigle2/GSTS SP18/Week6.pdf]
[www3.nd.edu/_jquigle2/GSTS SP18/Week8.pdf]
[www3.nd.edu/_jquigle2/GSTS SP18/Week9.pdf]
[www3.nd.edu/_jquigle2/GSTS SP18/Week10.pdf]
[www3.nd.edu/_jquigle2/GSTS SP18/Week10P.pdf]
[www3.nd.edu/_jquigle2/GSTS SP18/Week11P.pdf]
[www3.nd.edu/_jquigle2/GSTS SP18/Week12.pdf]
[www3.nd.edu/_jquigle2/GSTS SP18/Week13.pdf]
[www3.nd.edu/_jquigle2/GSTS SP18/Week13P.pdf]
[www3.nd.edu/_jquigle2/GSTS SP18/Week14.pdf]
[www3.nd.edu/_jquigle2/GSTS SP18/GSTS SP18.html]
[www3.nd.edu/_jquigle2/GSTS FA17/Week1.pdf]
[www3.nd.edu/_jquigle2/GSTS FA17/Week1P.pdf]
[www3.nd.edu/_jquigle2/GSTS FA17/Week2.pdf]
[www3.nd.edu/_jquigle2/GSTS FA17/Week2P.pdf]
[www3.nd.edu/_jquigle2/GSTS FA17/Week3.pdf]
[www3.nd.edu/_jquigle2/GSTS FA17/Week3P.pdf]
[www3.nd.edu/_jquigle2/GSTS FA17/Week4.pdf]
[www3.nd.edu/_jquigle2/GSTS FA17/Week4P.pdf]
[www3.nd.edu/_jquigle2/GSTS FA17/Week5.pdf]
[www3.nd.edu/_jquigle2/GSTS FA17/Week5P.pdf]
[www3.nd.edu/_jquigle2/GSTS FA17/Week6P.pdf]
[www3.nd.edu/_jquigle2/GSTS FA17/Week9.pdf]
[www3.nd.edu/_jquigle2/GSTS FA17/Week9P.pdf]
[www3.nd.edu/_jquigle2/GSTS FA17/Week10.pdf]
[www3.nd.edu/_jquigle2/GSTS FA17/Week10P.pdf]
[www3.nd.edu/_jquigle2/GSTS FA17/Week11P.pdf]
[www3.nd.edu/_jquigle2/GSTS FA17/Week12.pdf]
[www3.nd.edu/_jquigle2/GSTS FA17/Week12P.pdf]
[www3.nd.edu/_jquigle2/GSTS FA17/Week14.pdf]
[www3.nd.edu/_jquigle2/GSTS FA17/GSTS FA17.html]
[www3.nd.edu/_jquigle2/GSTS SP17/SP17Week2.pdf]
[www3.nd.edu/_jquigle2/GSTS SP17/SP17Week2P.pdf]
[www3.nd.edu/_jquigle2/GSTS SP17/SP17Week3P.pdf]
[www3.nd.edu/_jquigle2/GSTS SP17/SP17Week4.pdf]
[www3.nd.edu/_jquigle2/GSTS SP17/SP17Week5.pdf]
[www3.nd.edu/_jquigle2/GSTS SP17/GSTS SP17.html]
[www3.nd.edu/_jquigle2/GSTS FA16/Week1.pdf]
[www3.nd.edu/_jquigle2/GSTS FA16/Week1P.pdf]
[www3.nd.edu/_jquigle2/GSTS FA16/Week2.pdf]
[www3.nd.edu/_jquigle2/GSTS FA16/Week2P.pdf]
[www3.nd.edu/_jquigle2/GSTS FA16/Week3.pdf]
[www3.nd.edu/_jquigle2/GSTS FA16/Week3P.pdf]
[www3.nd.edu/_jquigle2/GSTS FA16/Week4.pdf]
[www3.nd.edu/_jquigle2/GSTS FA16/Week4P.pdf]
[www3.nd.edu/_jquigle2/GSTS FA16/Week5.pdf]
[www3.nd.edu/_jquigle2/GSTS FA16/Week5P.pdf]
[www3.nd.edu/_jquigle2/GSTS FA16/Week6.pdf]
[www3.nd.edu/_jquigle2/GSTS FA16/Week6P.pdf]
[www3.nd.edu/_jquigle2/GSTS FA16/Week7.pdf]
[www3.nd.edu/_jquigle2/GSTS FA16/Week7P.pdf]
[www3.nd.edu/_jquigle2/GSTS FA16/Week8abs.pdf]
[www3.nd.edu/_jquigle2/GSTS FA16/Week9.pdf]
[www3.nd.edu/_jquigle2/GSTS FA16/Week9P.pdf]
[www3.nd.edu/_jquigle2/GSTS FA16/Week10.pdf]
[www3.nd.edu/_jquigle2/GSTS FA16/Week11.pdf]
[www3.nd.edu/_jquigle2/GSTS FA16/GSTS FA16.html]
[www3.nd.edu/_jquigle2/GSTS SP19/Week5.html]
[www3.nd.edu/_jquigle2/GSTS SP19/Week11.html]
[www3.nd.edu/_jquigle2/GSTS SP19/Week12P.html]
[www3.nd.edu/_jquigle2/GSTS SP19/Week14.html]
[www3.nd.edu/_jquigle2/GSTS FA18/Week6.html]
[www3.nd.edu/_jquigle2/GSTS FA18/Week7.html]
[www3.nd.edu/_jquigle2/GSTS SP18/Week11.html]
[www3.nd.edu/_jquigle2/GSTS SP18/Week14P.html]
[www3.nd.edu/_jquigle2/GSTS FA17/Week6.html]
[www3.nd.edu/_jquigle2/GSTS FA17/Week7.html]
[www3.nd.edu/_jquigle2/GSTS FA17/Week7P.html]
[www3.nd.edu/_jquigle2/GSTS FA17/Week8.html]
[www3.nd.edu/_jquigle2/GSTS FA17/Week8P.html]
[www3.nd.edu/_jquigle2/GSTS FA17/Week11.html]
[www3.nd.edu/_jquigle2/GSTS FA17/Week13.html]
[www3.nd.edu/_jquigle2/GSTS FA17/Week13P.html]
[www3.nd.edu/_jquigle2/GSTS FA17/Week14P.html]
[www3.nd.edu/_jquigle2/GSTS SP17/SP17Week1.html]
[www3.nd.edu/_jquigle2/GSTS SP17/SP17Week1P.html]
[www3.nd.edu/_jquigle2/GSTS SP17/SP17Week3.html]
[www3.nd.edu/_jquigle2/GSTS SP17/SP17Week6.html]
[www3.nd.edu/_jquigle2/GSTS SP17/SP17Week6P.html]
[www3.nd.edu/_jquigle2/GSTS SP17/SP17Week7.html]
[www3.nd.edu/_jquigle2/GSTS SP17/SP17Week7P.html]
[www3.nd.edu/_jquigle2/GSTS SP17/SP17Week8.html]
[www3.nd.edu/_jquigle2/GSTS SP17/SP17Week8P.html]
[www3.nd.edu/_jquigle2/GSTS SP17/SP17Week9.html]
[www3.nd.edu/_jquigle2/GSTS SP17/SP17Week9P.html]
[www3.nd.edu/_jquigle2/GSTS SP17/SP17Week10.html]
[www3.nd.edu/_jquigle2/GSTS SP17/SP17Week10P.html]
[www3.nd.edu/_jquigle2/GSTS FA16/JJKWeek6.html]
[www3.nd.edu/_jquigle2/GSTS FA16/Week8.html]
[www3.nd.edu/_jquigle2/GSTS FA16/Week8P.html]
